18:05:45.484 [main                     ] DEBUG Logger               - Configured Logger
18:05:45.485 [main                     ] DEBUG GameApplication      - Logging settings
Title: AI Game
Version: 0.1
Width: 640
Height: 480
Fullscreen: false
Intro: false
Profiling: false
Single step:false
App Mode: DEVELOPER
Menu Key: ESCAPE
Stage Style: DECORATED
Scene Factory: class com.almasb.fxgl.app.scene.SceneFactory

18:05:46.168 [JavaFX Application Thread] DEBUG FXGLApplication      - Initializing FXGL
18:05:46.169 [JavaFX Application Thread] INFO  Engine               - FXGL-11.17 (16.07.2021 15.46) on MAC (J:26.0.1 FX:21.0.6)
18:05:46.169 [JavaFX Application Thread] DEBUG Engine               - JRE Vendor Name: Oracle Corporation
18:05:46.169 [JavaFX Application Thread] DEBUG Engine               - Running on OS: Mac OS X version 14.3.1
18:05:46.169 [JavaFX Application Thread] DEBUG Engine               - Architecture: aarch64
18:05:46.169 [JavaFX Application Thread] INFO  Engine               - Source code and latest versions at: https://github.com/AlmasB/FXGL
18:05:46.169 [JavaFX Application Thread] INFO  Engine               -              Join the FXGL chat at: https://gitter.im/AlmasB/FXGL
18:05:46.243 [JavaFX Application Thread] DEBUG PrimaryStageWindow   - Creating a JavaFX scene
18:05:46.289 [JavaFX Application Thread] DEBUG PrimaryStageWindow   - Target settings size: 640.0 x 480.0
18:05:46.289 [JavaFX Application Thread] DEBUG PrimaryStageWindow   - Scaled scene size:    640.0 x 480.0
18:05:46.289 [JavaFX Application Thread] DEBUG PrimaryStageWindow   - Scaled ratio: (1.0, 1.0)
18:05:46.290 [JavaFX Application Thread] DEBUG PrimaryStageWindow   - Set initial scene to FXGLStartupScene
18:05:46.292 [JavaFX Application Thread] DEBUG PrimaryStageWindow   - Opening main window
18:05:46.385 [JavaFX Application Thread] DEBUG PrimaryStageWindow   - Window border size: (0.0, 28.0)
18:05:46.385 [JavaFX Application Thread] DEBUG PrimaryStageWindow   - Scaled size: 640.0 x 480.0
18:05:46.385 [JavaFX Application Thread] DEBUG PrimaryStageWindow   - Scaled ratio: (1.0, 1.0)
18:05:46.385 [JavaFX Application Thread] DEBUG PrimaryStageWindow   - Scene size: 640.0 x 480.0
18:05:46.386 [JavaFX Application Thread] DEBUG PrimaryStageWindow   - Stage size: 640.0 x 508.0
18:05:46.398 [FXGL Background Thread 1 ] DEBUG Engine               - Initializing environment variables
18:05:46.476 [FXGL Background Thread 1 ] DEBUG FXGLAssetLoaderServi - User app class for loading assets: class org.example.aigame.main.AIGameApplication
18:05:46.476 [FXGL Background Thread 1 ] DEBUG GameApplicationServi - Applying CSS: fxgl_dark.css
18:05:46.477 [FXGL Background Thread 1 ] DEBUG FXGLAssetLoaderServi - Loading from file system: jar:file:/Users/johnlehouillier/.m2/repository/com/github/almasb/fxgl/11.17/fxgl-11.17.jar!/fxglassets/ui/css/fxgl_dark.css
18:05:46.524 [FXGL Background Thread 1 ] DEBUG GameApplicationServi - Initializing application scenes
18:05:46.630 [FXGL Background Thread 1 ] DEBUG GameWorld            - Game world initialized
18:05:46.654 [FXGL Background Thread 1 ] DEBUG PhysicsWorld         - Physics world initialized: appHeight=480, physics.ppm=50.0
18:05:46.654 [FXGL Background Thread 1 ] DEBUG PhysicsWorld         - Using strategy: BRUTE_FORCE
18:05:46.655 [FXGL Background Thread 1 ] DEBUG GameScene            - Game scene initialized: 640x480
18:05:46.662 [FXGL Background Thread 1 ] WARN  FXGL.DefaultMenu     - FXGLDefaultMenu is not designed for resolutions < 800x600
18:05:46.662 [FXGL Background Thread 1 ] DEBUG FXGL.DefaultMenu     - createMenuBodyGameMenu()
18:05:46.670 [FXGL Background Thread 1 ] DEBUG FXGL.DefaultMenu     - createOptionsMenu()
18:05:46.677 [FXGL Background Thread 1 ] DEBUG FXGLAssetLoaderServi - Loading from file system: jar:file:/Users/johnlehouillier/.m2/repository/com/github/almasb/fxgl/11.17/fxgl-11.17.jar!/fxglassets/textures/particles/smoke.png
18:05:46.750 [FXGL Background Thread 1 ] DEBUG FXGLAssetLoaderServi - Loading from file system: jar:file:/Users/johnlehouillier/.m2/repository/com/github/almasb/fxgl/11.17/fxgl-11.17.jar!/fxglassets/textures/particles/trace_horizontal.png
18:05:46.816 [FXGL Background Thread 1 ] DEBUG GameApplicationServi - Application scenes initialized
18:05:46.821 [FXGL Background Thread 1 ] DEBUG SystemBundleService  - Loading FXGL system data
18:05:46.824 [FXGL Background Thread 1 ] DEBUG FileSystemAccess     - Reading from: /Users/johnlehouillier/IdeaProjects/AIGame/system/fxgl.bundle
18:05:46.827 [FXGL Background Thread 1 ] DEBUG SystemBundleService  - Bundle FXGL: {}
18:05:46.827 [FXGL Background Thread 1 ] DEBUG UpdaterService       - Checking for updates
18:05:46.829 [FXGL Background Thread 4 ] DEBUG FXGLApplication      - Loading fonts
18:05:46.830 [FXGL Background Thread 1 ] DEBUG FXGLApplication      - Loading default localization
18:05:46.830 [FXGL Background Thread 1 ] DEBUG FXGLAssetLoaderServi - Loading from file system: jar:file:/Users/johnlehouillier/.m2/repository/com/github/almasb/fxgl/11.17/fxgl-11.17.jar!/fxglassets/languages/english.lang
18:05:46.830 [FXGL Background Thread 4 ] DEBUG FXGLAssetLoaderServi - Loading from file system: jar:file:/Users/johnlehouillier/.m2/repository/com/github/almasb/fxgl/11.17/fxgl-11.17.jar!/fxglassets/ui/fonts/VarelaRound-Regular.ttf
18:05:46.848 [FXGL Background Thread 1 ] INFO  FXGLApplication      - FXGL initialization took: 0.450 sec
18:05:46.855 [JavaFX Application Thread] DEBUG Input                - Registered new binding: action0 - D
18:05:46.855 [JavaFX Application Thread] DEBUG Input                - Registered new binding: action1 - A
18:05:46.855 [JavaFX Application Thread] DEBUG Input                - Registered new binding: action2 - W
18:05:46.855 [JavaFX Application Thread] DEBUG Input                - Registered new binding: action3 - S
18:05:46.855 [JavaFX Application Thread] DEBUG FXGLAssetLoaderServi - Loading from file system: jar:file:/Users/johnlehouillier/.m2/repository/com/github/almasb/fxgl/11.17/fxgl-11.17.jar!/fxglassets/textures/fxgl_icon.png
18:05:46.856 [FXGL Background Thread 4 ] DEBUG FXGLAssetLoaderServi - Loading from file system: jar:file:/Users/johnlehouillier/.m2/repository/com/github/almasb/fxgl/11.17/fxgl-11.17.jar!/fxglassets/ui/fonts/Abel-Regular.ttf
18:05:46.857 [FXGL Background Thread 4 ] DEBUG FXGLAssetLoaderServi - Loading from file system: jar:file:/Users/johnlehouillier/.m2/repository/com/github/almasb/fxgl/11.17/fxgl-11.17.jar!/fxglassets/ui/fonts/lucida_console.ttf
18:05:46.861 [FXGL Background Thread 4 ] DEBUG FXGLAssetLoaderServi - Loading from file system: jar:file:/Users/johnlehouillier/.m2/repository/com/github/almasb/fxgl/11.17/fxgl-11.17.jar!/fxglassets/ui/fonts/Courier-Prime.ttf
18:05:46.874 [JavaFX Application Thread] DEBUG FXGLAssetLoaderServi - Loading from file system: jar:file:/Users/johnlehouillier/.m2/repository/com/github/almasb/fxgl/11.17/fxgl-11.17.jar!/fxglassets/textures/fxgl_default_cursor.png
18:05:46.875 [JavaFX Application Thread] DEBUG Input                - Registered new binding: Screenshot - CTRL+8
18:05:46.875 [JavaFX Application Thread] DEBUG Input                - Registered new binding: System info dump - CTRL+9
18:05:46.875 [JavaFX Application Thread] DEBUG Input                - Registered new binding: Restart - CTRL+R
18:05:46.875 [JavaFX Application Thread] DEBUG Input                - Registered new binding: Toggle Debug Camera - CTRL+C
18:05:46.876 [JavaFX Application Thread] DEBUG LoopRunner           - Starting loop
18:05:46.876 [JavaFX Application Thread] DEBUG LoopRunner           - Initializing JavaFX AnimationTimerLoop
18:05:46.877 [JavaFX Application Thread] DEBUG GameApplicationServi - Starting new game
18:05:46.877 [JavaFX Application Thread] DEBUG Input                - Clearing active input actions
18:05:46.882 [JavaFX Application Thread] DEBUG GameApplicationServi - Removing overlay from FXGLStartupScene and adding to FXGLLoadingScene
18:05:46.882 [JavaFX Application Thread] DEBUG PrimaryStageWindow   - FXGLStartupScene -> FXGLLoadingScene
18:05:46.882 [JavaFX Application Thread] DEBUG GameApplicationServi - Clearing previous game
18:05:46.882 [JavaFX Application Thread] DEBUG GameScene            - Clearing game scene
18:05:46.882 [JavaFX Application Thread] DEBUG GameWorld            - Clearing game world
18:05:46.882 [JavaFX Application Thread] DEBUG PhysicsWorld         - Clearing physics world
18:05:46.884 [FXGL Background Thread 4 ] DEBUG FXGLApplication      - Initializing game
18:05:46.888 [FXGL Background Thread 4 ] DEBUG FXGLAssetLoaderServi - Loading from file system: file:/Users/johnlehouillier/IdeaProjects/AIGame/target/classes/assets/textures/WOOD_FLOOR.png
18:05:46.915 [FXGL Background Thread 4 ] DEBUG FXGLAssetLoaderServi - Loading from file system: file:/Users/johnlehouillier/IdeaProjects/AIGame/target/classes/assets/textures/PERSON1.png
18:05:46.918 [FXGL Background Thread 4 ] DEBUG FXGLAssetLoaderServi - Loading from file system: file:/Users/johnlehouillier/IdeaProjects/AIGame/target/classes/assets/textures/PERSON2.png
18:05:46.920 [FXGL Background Thread 4 ] INFO  FXGLApplication      - Game initialization took: 0.035 sec
18:05:46.951 [JavaFX Application Thread] DEBUG FXGLApplication      - Registering font factories with UI factory
18:05:46.977 [JavaFX Application Thread] DEBUG Input                - Clearing active input actions
18:05:46.982 [JavaFX Application Thread] DEBUG GameApplicationServi - Removing overlay from FXGLLoadingScene and adding to GameScene
18:05:46.983 [JavaFX Application Thread] DEBUG PrimaryStageWindow   - FXGLLoadingScene -> GameScene
18:05:47.884 [FXGL Background Thread 2 ] INFO  UpdaterService       - Your current version:  11.17
18:05:47.884 [FXGL Background Thread 2 ] INFO  UpdaterService       - Latest stable version: 25
18:05:49.834 [FXGL Background Thread 3 ] DEBUG Engine               - Logging environment variables
18:05:49.835 [FXGL Background Thread 3 ] DEBUG Engine               - achievements: []
18:05:49.835 [FXGL Background Thread 3 ] DEBUG Engine               - actualHeight: 480.0
18:05:49.835 [FXGL Background Thread 3 ] DEBUG Engine               - actualHeightProperty: ReadOnlyDoubleProperty [value: 480.0]
18:05:49.835 [FXGL Background Thread 3 ] DEBUG Engine               - actualWidth: 640.0
18:05:49.836 [FXGL Background Thread 3 ] DEBUG Engine               - actualWidthProperty: ReadOnlyDoubleProperty [value: 640.0]
18:05:49.836 [FXGL Background Thread 3 ] DEBUG Engine               - appIcon: fxgl_icon.png
18:05:49.836 [FXGL Background Thread 3 ] DEBUG Engine               - applicationMode: DEVELOPER
18:05:49.836 [FXGL Background Thread 3 ] DEBUG Engine               - cSSList: [fxgl_dark.css]
18:05:49.836 [FXGL Background Thread 3 ] DEBUG Engine               - collisionDetectionStrategy: BRUTE_FORCE
18:05:49.836 [FXGL Background Thread 3 ] DEBUG Engine               - configClass: Optional.empty
18:05:49.836 [FXGL Background Thread 3 ] DEBUG Engine               - credits: []
18:05:49.837 [FXGL Background Thread 3 ] DEBUG Engine               - defaultCursor: CursorInfo(imageName=fxgl_default_cursor.png, hotspotX=7.0, hotspotY=6.0)
18:05:49.837 [FXGL Background Thread 3 ] DEBUG Engine               - devBBoxColorProperty: ObjectProperty [value: 0xff0000ff]
18:05:49.837 [FXGL Background Thread 3 ] DEBUG Engine               - devEnableDebugCameraProperty: BooleanProperty [value: false]
18:05:49.837 [FXGL Background Thread 3 ] DEBUG Engine               - devSensorColorProperty: ObjectProperty [value: 0xffff00ff]
18:05:49.837 [FXGL Background Thread 3 ] DEBUG Engine               - devShowBBoxProperty: BooleanProperty [value: false]
18:05:49.838 [FXGL Background Thread 3 ] DEBUG Engine               - devShowPositionProperty: BooleanProperty [value: false]
18:05:49.838 [FXGL Background Thread 3 ] DEBUG Engine               - enabledMenuItems: []
18:05:49.838 [FXGL Background Thread 3 ] DEBUG Engine               - engineServices: [class com.almasb.fxgl.app.services.FXGLAssetLoaderService, class com.almasb.fxgl.app.FXGLApplication$GameApplicationService, class com.almasb.fxgl.app.services.FXGLDialogService, class com.almasb.fxgl.app.services.IOTaskExecutorService, class com.almasb.fxgl.io.FileSystemService, class com.almasb.fxgl.localization.LocalizationService, class com.almasb.fxgl.app.services.SystemBundleService, class com.almasb.fxgl.profile.SaveLoadService, class com.almasb.fxgl.ui.FXGLUIFactoryServiceProvider, class com.almasb.fxgl.ui.FXGLDialogFactoryServiceProvider, class com.almasb.fxgl.audio.AudioPlayer, class com.almasb.fxgl.notification.impl.NotificationServiceProvider, class com.almasb.fxgl.achievement.AchievementService, class com.almasb.fxgl.cutscene.CutsceneService, class com.almasb.fxgl.minigames.MiniGameService, class com.almasb.fxgl.net.NetService, class com.almasb.fxgl.app.services.UpdaterService, class com.almasb.fxgl.dev.DevService]
18:05:49.838 [FXGL Background Thread 3 ] DEBUG Engine               - fontGame: Abel-Regular.ttf
18:05:49.838 [FXGL Background Thread 3 ] DEBUG Engine               - fontMono: lucida_console.ttf
18:05:49.838 [FXGL Background Thread 3 ] DEBUG Engine               - fontText: Courier-Prime.ttf
18:05:49.838 [FXGL Background Thread 3 ] DEBUG Engine               - fontUI: VarelaRound-Regular.ttf
18:05:49.838 [FXGL Background Thread 3 ] DEBUG Engine               - fullScreen: BooleanProperty [value: false]
18:05:49.838 [FXGL Background Thread 3 ] DEBUG Engine               - gameDifficulty: MEDIUM
18:05:49.839 [FXGL Background Thread 3 ] DEBUG Engine               - gameDifficultyProperty: ObjectProperty [value: MEDIUM]
18:05:49.839 [FXGL Background Thread 3 ] DEBUG Engine               - globalMusicVolume: 0.5
18:05:49.839 [FXGL Background Thread 3 ] DEBUG Engine               - globalMusicVolumeProperty: DoubleProperty [value: 0.5]
18:05:49.839 [FXGL Background Thread 3 ] DEBUG Engine               - globalSoundVolume: 0.5
18:05:49.839 [FXGL Background Thread 3 ] DEBUG Engine               - globalSoundVolumeProperty: DoubleProperty [value: 0.5]
18:05:49.839 [FXGL Background Thread 3 ] DEBUG Engine               - height: 480
18:05:49.839 [FXGL Background Thread 3 ] DEBUG Engine               - is3D: false
18:05:49.839 [FXGL Background Thread 3 ] DEBUG Engine               - isAndroid: false
18:05:49.839 [FXGL Background Thread 3 ] DEBUG Engine               - isBrowser: false
18:05:49.839 [FXGL Background Thread 3 ] DEBUG Engine               - isClickFeedbackEnabled: false
18:05:49.839 [FXGL Background Thread 3 ] DEBUG Engine               - isCloseConfirmation: false
18:05:49.840 [FXGL Background Thread 3 ] DEBUG Engine               - isDesktop: true
18:05:49.840 [FXGL Background Thread 3 ] DEBUG Engine               - isDeveloperMenuEnabled: false
18:05:49.840 [FXGL Background Thread 3 ] DEBUG Engine               - isEntityPreloadEnabled: true
18:05:49.840 [FXGL Background Thread 3 ] DEBUG Engine               - isExperimentalTiledLargeMap: false
18:05:49.840 [FXGL Background Thread 3 ] DEBUG Engine               - isFileSystemWriteAllowed: true
18:05:49.840 [FXGL Background Thread 3 ] DEBUG Engine               - isFullScreenAllowed: false
18:05:49.840 [FXGL Background Thread 3 ] DEBUG Engine               - isFullScreenFromStart: false
18:05:49.840 [FXGL Background Thread 3 ] DEBUG Engine               - isGameMenuEnabled: true
18:05:49.840 [FXGL Background Thread 3 ] DEBUG Engine               - isIOS: false
18:05:49.840 [FXGL Background Thread 3 ] DEBUG Engine               - isIntroEnabled: false
18:05:49.840 [FXGL Background Thread 3 ] DEBUG Engine               - isLinux: false
18:05:49.840 [FXGL Background Thread 3 ] DEBUG Engine               - isMac: true
18:05:49.841 [FXGL Background Thread 3 ] DEBUG Engine               - isMainMenuEnabled: false
18:05:49.841 [FXGL Background Thread 3 ] DEBUG Engine               - isManualResizeEnabled: false
18:05:49.841 [FXGL Background Thread 3 ] DEBUG Engine               - isMobile: false
18:05:49.841 [FXGL Background Thread 3 ] DEBUG Engine               - isNative: false
18:05:49.841 [FXGL Background Thread 3 ] DEBUG Engine               - isPauseMusicWhenMinimized: true
18:05:49.841 [FXGL Background Thread 3 ] DEBUG Engine               - isPreserveResizeRatio: false
18:05:49.841 [FXGL Background Thread 3 ] DEBUG Engine               - isProfilingEnabled: false
18:05:49.841 [FXGL Background Thread 3 ] DEBUG Engine               - isScaleAffectedOnResize: true
18:05:49.841 [FXGL Background Thread 3 ] DEBUG Engine               - isSingleStep: false
18:05:49.841 [FXGL Background Thread 3 ] DEBUG Engine               - isUserProfileEnabled: false
18:05:49.841 [FXGL Background Thread 3 ] DEBUG Engine               - isWindows: false
18:05:49.841 [FXGL Background Thread 3 ] DEBUG Engine               - language: ObjectProperty [value: ENGLISH]
18:05:49.841 [FXGL Background Thread 3 ] DEBUG Engine               - menuKey: ESCAPE
18:05:49.841 [FXGL Background Thread 3 ] DEBUG Engine               - mouseSensitivity: 0.2
18:05:49.841 [FXGL Background Thread 3 ] DEBUG Engine               - notificationViewClass: class com.almasb.fxgl.notification.view.XboxNotificationView
18:05:49.842 [FXGL Background Thread 3 ] DEBUG Engine               - pixelsPerMeter: 50.0
18:05:49.842 [FXGL Background Thread 3 ] DEBUG Engine               - platform: MAC
18:05:49.842 [FXGL Background Thread 3 ] DEBUG Engine               - prefHeightProperty: ReadOnlyDoubleProperty [value: 480.0]
18:05:49.842 [FXGL Background Thread 3 ] DEBUG Engine               - prefWidthProperty: ReadOnlyDoubleProperty [value: 640.0]
18:05:49.842 [FXGL Background Thread 3 ] DEBUG Engine               - profileDir: profiles/
18:05:49.842 [FXGL Background Thread 3 ] DEBUG Engine               - profileName: StringProperty [value: DEFAULT]
18:05:49.842 [FXGL Background Thread 3 ] DEBUG Engine               - randomSeed: -1
18:05:49.842 [FXGL Background Thread 3 ] DEBUG Engine               - runtimeInfo: RuntimeInfo(platform=MAC, version=11.17, build=16.07.2021 15.46)
18:05:49.842 [FXGL Background Thread 3 ] DEBUG Engine               - saveFileExt: sav
18:05:49.842 [FXGL Background Thread 3 ] DEBUG Engine               - scaledHeightProp$fxgl: DoubleProperty [bound, value: 480.0]
18:05:49.842 [FXGL Background Thread 3 ] DEBUG Engine               - scaledWidthProp$fxgl: DoubleProperty [bound, value: 640.0]
18:05:49.843 [FXGL Background Thread 3 ] DEBUG Engine               - sceneFactory: com.almasb.fxgl.app.scene.SceneFactory@785f940b
18:05:49.843 [FXGL Background Thread 3 ] DEBUG Engine               - secondsIn24h: 60
18:05:49.843 [FXGL Background Thread 3 ] DEBUG Engine               - soundMenuBack: menu/back.wav
18:05:49.843 [FXGL Background Thread 3 ] DEBUG Engine               - soundMenuPress: menu/press.wav
18:05:49.843 [FXGL Background Thread 3 ] DEBUG Engine               - soundMenuSelect: menu/select.wav
18:05:49.843 [FXGL Background Thread 3 ] DEBUG Engine               - soundNotification: core/notification.wav
18:05:49.843 [FXGL Background Thread 3 ] DEBUG Engine               - stageStyle: DECORATED
18:05:49.843 [FXGL Background Thread 3 ] DEBUG Engine               - supportedLanguages: [ENGLISH, FRENCH, GERMAN, HUNGARIAN, RUSSIAN]
18:05:49.843 [FXGL Background Thread 3 ] DEBUG Engine               - ticksPerSecond: -1
18:05:49.843 [FXGL Background Thread 3 ] DEBUG Engine               - title: AI Game
18:05:49.843 [FXGL Background Thread 3 ] DEBUG Engine               - urlGithub: https://github.com/AlmasB/FXGL
18:05:49.844 [FXGL Background Thread 3 ] DEBUG Engine               - urlLeaderboard: http://fxgl-top.herokuapp.com/
18:05:49.844 [FXGL Background Thread 3 ] DEBUG Engine               - urlPOM: https://raw.githubusercontent.com/AlmasB/FXGL/release/README.md
18:05:49.844 [FXGL Background Thread 3 ] DEBUG Engine               - userAppClass: class org.example.aigame.main.AIGameApplication
18:05:49.844 [FXGL Background Thread 3 ] DEBUG Engine               - version: 0.1
18:05:49.844 [FXGL Background Thread 3 ] DEBUG Engine               - versionCheckDays: 7
18:05:49.844 [FXGL Background Thread 3 ] DEBUG Engine               - width: 640
18:05:49.844 [FXGL Background Thread 3 ] DEBUG Engine               - Logging services
18:05:49.844 [FXGL Background Thread 3 ] DEBUG Engine               - class com.almasb.fxgl.app.services.FXGLAssetLoaderService
18:05:49.844 [FXGL Background Thread 3 ] DEBUG Engine               - class com.almasb.fxgl.app.FXGLApplication$GameApplicationService
18:05:49.844 [FXGL Background Thread 3 ] DEBUG Engine               - class com.almasb.fxgl.app.services.FXGLDialogService
18:05:49.844 [FXGL Background Thread 3 ] DEBUG Engine               - class com.almasb.fxgl.app.services.IOTaskExecutorService
18:05:49.844 [FXGL Background Thread 3 ] DEBUG Engine               - class com.almasb.fxgl.io.FileSystemService
18:05:49.844 [FXGL Background Thread 3 ] DEBUG Engine               - class com.almasb.fxgl.localization.LocalizationService
18:05:49.844 [FXGL Background Thread 3 ] DEBUG Engine               - class com.almasb.fxgl.app.services.SystemBundleService
18:05:49.845 [FXGL Background Thread 3 ] DEBUG Engine               - class com.almasb.fxgl.profile.SaveLoadService
18:05:49.845 [FXGL Background Thread 3 ] DEBUG Engine               - class com.almasb.fxgl.ui.FXGLUIFactoryServiceProvider
18:05:49.845 [FXGL Background Thread 3 ] DEBUG Engine               - class com.almasb.fxgl.ui.FXGLDialogFactoryServiceProvider
18:05:49.845 [FXGL Background Thread 3 ] DEBUG Engine               - class com.almasb.fxgl.audio.AudioPlayer
18:05:49.845 [FXGL Background Thread 3 ] DEBUG Engine               - class com.almasb.fxgl.notification.impl.NotificationServiceProvider
18:05:49.845 [FXGL Background Thread 3 ] DEBUG Engine               - class com.almasb.fxgl.achievement.AchievementService
18:05:49.845 [FXGL Background Thread 3 ] DEBUG Engine               - class com.almasb.fxgl.cutscene.CutsceneService
18:05:49.845 [FXGL Background Thread 3 ] DEBUG Engine               - class com.almasb.fxgl.minigames.MiniGameService
18:05:49.845 [FXGL Background Thread 3 ] DEBUG Engine               - class com.almasb.fxgl.net.NetService
18:05:49.845 [FXGL Background Thread 3 ] DEBUG Engine               - class com.almasb.fxgl.app.services.UpdaterService
18:05:49.845 [FXGL Background Thread 3 ] DEBUG Engine               - class com.almasb.fxgl.dev.DevService
18:05:51.059 [JavaFX Application Thread] DEBUG FXGLApplication      - Exiting FXGL
18:05:51.059 [JavaFX Application Thread] DEBUG LoopRunner           - Stopping loop
18:05:51.059 [JavaFX Application Thread] DEBUG SystemBundleService  - Saving FXGL system data
18:05:51.065 [JavaFX Application Thread] DEBUG FileSystemAccess     - Writing to: /Users/johnlehouillier/IdeaProjects/AIGame/system/fxgl.bundle
18:05:51.067 [JavaFX Application Thread] DEBUG Async                - Shutting down background threads
18:05:51.067 [JavaFX Application Thread] DEBUG PrimaryStageWindow   - Closing main window
18:05:51.074 [JavaFX Application Thread] DEBUG Logger               - Closing Logger
