16:01:43.700 [main                     ] DEBUG Logger               - Configured Logger
16:01:43.701 [main                     ] DEBUG GameApplication      - Logging settings
Title: AI Game
Version: 0.1
Width: 640
Height: 480
Fullscreen: false
Intro: false
Profiling: false
Single step:false
App Mode: DEVELOPER
Menu Key: ESCAPE
Stage Style: DECORATED
Scene Factory: class com.almasb.fxgl.app.scene.SceneFactory

16:01:44.048 [JavaFX Application Thread] DEBUG FXGLApplication      - Initializing FXGL
16:01:44.049 [JavaFX Application Thread] INFO  Engine               - FXGL-11.17 (16.07.2021 15.46) on MAC (J:26.0.1 FX:21.0.6)
16:01:44.049 [JavaFX Application Thread] DEBUG Engine               - JRE Vendor Name: Homebrew
16:01:44.049 [JavaFX Application Thread] DEBUG Engine               - Running on OS: Mac OS X version 14.3.1
16:01:44.049 [JavaFX Application Thread] DEBUG Engine               - Architecture: aarch64
16:01:44.049 [JavaFX Application Thread] INFO  Engine               - Source code and latest versions at: https://github.com/AlmasB/FXGL
16:01:44.049 [JavaFX Application Thread] INFO  Engine               -              Join the FXGL chat at: https://gitter.im/AlmasB/FXGL
16:01:44.107 [JavaFX Application Thread] DEBUG PrimaryStageWindow   - Creating a JavaFX scene
16:01:44.131 [JavaFX Application Thread] DEBUG PrimaryStageWindow   - Target settings size: 640.0 x 480.0
16:01:44.131 [JavaFX Application Thread] DEBUG PrimaryStageWindow   - Scaled scene size:    640.0 x 480.0
16:01:44.131 [JavaFX Application Thread] DEBUG PrimaryStageWindow   - Scaled ratio: (1.0, 1.0)
16:01:44.131 [JavaFX Application Thread] DEBUG PrimaryStageWindow   - Set initial scene to FXGLStartupScene
16:01:44.133 [JavaFX Application Thread] DEBUG PrimaryStageWindow   - Opening main window
16:01:44.211 [JavaFX Application Thread] DEBUG PrimaryStageWindow   - Window border size: (0.0, 28.0)
16:01:44.211 [JavaFX Application Thread] DEBUG PrimaryStageWindow   - Scaled size: 640.0 x 480.0
16:01:44.211 [JavaFX Application Thread] DEBUG PrimaryStageWindow   - Scaled ratio: (1.0, 1.0)
16:01:44.211 [JavaFX Application Thread] DEBUG PrimaryStageWindow   - Scene size: 640.0 x 480.0
16:01:44.211 [JavaFX Application Thread] DEBUG PrimaryStageWindow   - Stage size: 640.0 x 508.0
16:01:44.219 [FXGL Background Thread 1 ] DEBUG Engine               - Initializing environment variables
16:01:44.294 [FXGL Background Thread 1 ] DEBUG FXGLAssetLoaderServi - User app class for loading assets: class org.example.aigame.main.AIGameApplication
16:01:44.294 [FXGL Background Thread 1 ] DEBUG GameApplicationServi - Applying CSS: fxgl_dark.css
16:01:44.294 [FXGL Background Thread 1 ] DEBUG FXGLAssetLoaderServi - Loading from file system: jar:file:/Users/johnlehouillier/.m2/repository/com/github/almasb/fxgl/11.17/fxgl-11.17.jar!/fxglassets/ui/css/fxgl_dark.css
16:01:44.326 [FXGL Background Thread 1 ] DEBUG GameApplicationServi - Initializing application scenes
16:01:44.423 [FXGL Background Thread 1 ] DEBUG GameWorld            - Game world initialized
16:01:44.453 [FXGL Background Thread 1 ] DEBUG PhysicsWorld         - Physics world initialized: appHeight=480, physics.ppm=50.0
16:01:44.453 [FXGL Background Thread 1 ] DEBUG PhysicsWorld         - Using strategy: BRUTE_FORCE
16:01:44.454 [FXGL Background Thread 1 ] DEBUG GameScene            - Game scene initialized: 640x480
16:01:44.461 [FXGL Background Thread 1 ] WARN  FXGL.DefaultMenu     - FXGLDefaultMenu is not designed for resolutions < 800x600
16:01:44.461 [FXGL Background Thread 1 ] DEBUG FXGL.DefaultMenu     - createMenuBodyGameMenu()
16:01:44.470 [FXGL Background Thread 1 ] DEBUG FXGL.DefaultMenu     - createOptionsMenu()
16:01:44.476 [FXGL Background Thread 1 ] DEBUG FXGLAssetLoaderServi - Loading from file system: jar:file:/Users/johnlehouillier/.m2/repository/com/github/almasb/fxgl/11.17/fxgl-11.17.jar!/fxglassets/textures/particles/smoke.png
16:01:44.562 [FXGL Background Thread 1 ] DEBUG FXGLAssetLoaderServi - Loading from file system: jar:file:/Users/johnlehouillier/.m2/repository/com/github/almasb/fxgl/11.17/fxgl-11.17.jar!/fxglassets/textures/particles/trace_horizontal.png
16:01:44.619 [FXGL Background Thread 1 ] DEBUG GameApplicationServi - Application scenes initialized
16:01:44.631 [FXGL Background Thread 1 ] DEBUG SystemBundleService  - Loading FXGL system data
16:01:44.635 [FXGL Background Thread 1 ] DEBUG FileSystemAccess     - Reading from: /Users/johnlehouillier/IdeaProjects/AIGame/system/fxgl.bundle
16:01:44.651 [FXGL Background Thread 1 ] DEBUG SystemBundleService  - Bundle FXGL: {}
16:01:44.651 [FXGL Background Thread 1 ] DEBUG UpdaterService       - Checking for updates
16:01:44.655 [FXGL Background Thread 4 ] DEBUG FXGLApplication      - Loading fonts
16:01:44.655 [FXGL Background Thread 1 ] DEBUG FXGLApplication      - Loading default localization
16:01:44.656 [FXGL Background Thread 1 ] DEBUG FXGLAssetLoaderServi - Loading from file system: jar:file:/Users/johnlehouillier/.m2/repository/com/github/almasb/fxgl/11.17/fxgl-11.17.jar!/fxglassets/languages/english.lang
16:01:44.656 [FXGL Background Thread 4 ] DEBUG FXGLAssetLoaderServi - Loading from file system: jar:file:/Users/johnlehouillier/.m2/repository/com/github/almasb/fxgl/11.17/fxgl-11.17.jar!/fxglassets/ui/fonts/VarelaRound-Regular.ttf
16:01:44.668 [FXGL Background Thread 1 ] INFO  FXGLApplication      - FXGL initialization took: 0.449 sec
16:01:44.674 [FXGL Background Thread 4 ] DEBUG FXGLAssetLoaderServi - Loading from file system: jar:file:/Users/johnlehouillier/.m2/repository/com/github/almasb/fxgl/11.17/fxgl-11.17.jar!/fxglassets/ui/fonts/Abel-Regular.ttf
16:01:44.682 [JavaFX Application Thread] DEBUG Input                - Registered new binding: action0 - D
16:01:44.683 [JavaFX Application Thread] DEBUG Input                - Registered new binding: action1 - A
16:01:44.683 [JavaFX Application Thread] DEBUG Input                - Registered new binding: action2 - W
16:01:44.683 [JavaFX Application Thread] DEBUG Input                - Registered new binding: action3 - S
16:01:44.683 [JavaFX Application Thread] DEBUG FXGLAssetLoaderServi - Loading from file system: jar:file:/Users/johnlehouillier/.m2/repository/com/github/almasb/fxgl/11.17/fxgl-11.17.jar!/fxglassets/textures/fxgl_icon.png
16:01:44.683 [FXGL Background Thread 4 ] DEBUG FXGLAssetLoaderServi - Loading from file system: jar:file:/Users/johnlehouillier/.m2/repository/com/github/almasb/fxgl/11.17/fxgl-11.17.jar!/fxglassets/ui/fonts/lucida_console.ttf
16:01:44.690 [FXGL Background Thread 4 ] DEBUG FXGLAssetLoaderServi - Loading from file system: jar:file:/Users/johnlehouillier/.m2/repository/com/github/almasb/fxgl/11.17/fxgl-11.17.jar!/fxglassets/ui/fonts/Courier-Prime.ttf
16:01:44.707 [JavaFX Application Thread] DEBUG FXGLAssetLoaderServi - Loading from file system: jar:file:/Users/johnlehouillier/.m2/repository/com/github/almasb/fxgl/11.17/fxgl-11.17.jar!/fxglassets/textures/fxgl_default_cursor.png
16:01:44.708 [JavaFX Application Thread] DEBUG Input                - Registered new binding: Screenshot - CTRL+8
16:01:44.708 [JavaFX Application Thread] DEBUG Input                - Registered new binding: System info dump - CTRL+9
16:01:44.708 [JavaFX Application Thread] DEBUG Input                - Registered new binding: Restart - CTRL+R
16:01:44.708 [JavaFX Application Thread] DEBUG Input                - Registered new binding: Toggle Debug Camera - CTRL+C
16:01:44.709 [JavaFX Application Thread] DEBUG LoopRunner           - Starting loop
16:01:44.709 [JavaFX Application Thread] DEBUG LoopRunner           - Initializing JavaFX AnimationTimerLoop
16:01:44.710 [JavaFX Application Thread] DEBUG GameApplicationServi - Starting new game
16:01:44.710 [JavaFX Application Thread] DEBUG Input                - Clearing active input actions
16:01:44.715 [JavaFX Application Thread] DEBUG GameApplicationServi - Removing overlay from FXGLStartupScene and adding to FXGLLoadingScene
16:01:44.715 [JavaFX Application Thread] DEBUG PrimaryStageWindow   - FXGLStartupScene -> FXGLLoadingScene
16:01:44.715 [JavaFX Application Thread] DEBUG GameApplicationServi - Clearing previous game
16:01:44.716 [JavaFX Application Thread] DEBUG GameScene            - Clearing game scene
16:01:44.716 [JavaFX Application Thread] DEBUG GameWorld            - Clearing game world
16:01:44.716 [JavaFX Application Thread] DEBUG PhysicsWorld         - Clearing physics world
16:01:44.717 [FXGL Background Thread 4 ] DEBUG FXGLApplication      - Initializing game
16:01:44.719 [FXGL Background Thread 4 ] DEBUG FXGLAssetLoaderServi - Loading from file system: file:/Users/johnlehouillier/IdeaProjects/AIGame/target/classes/assets/textures/PERSON1.png
16:01:44.721 [FXGL Background Thread 4 ] INFO  FXGLApplication      - Game initialization took: 0.004 sec
16:01:44.787 [JavaFX Application Thread] DEBUG FXGLApplication      - Registering font factories with UI factory
16:01:44.788 [JavaFX Application Thread] DEBUG Input                - Clearing active input actions
16:01:44.794 [JavaFX Application Thread] DEBUG GameApplicationServi - Removing overlay from FXGLLoadingScene and adding to GameScene
16:01:44.794 [JavaFX Application Thread] DEBUG PrimaryStageWindow   - FXGLLoadingScene -> GameScene
16:01:45.234 [FXGL Background Thread 2 ] INFO  UpdaterService       - Your current version:  11.17
16:01:45.234 [FXGL Background Thread 2 ] INFO  UpdaterService       - Latest stable version: 25
16:01:47.659 [FXGL Background Thread 3 ] DEBUG Engine               - Logging environment variables
16:01:47.661 [FXGL Background Thread 3 ] DEBUG Engine               - achievements: []
16:01:47.662 [FXGL Background Thread 3 ] DEBUG Engine               - actualHeight: 480.0
16:01:47.662 [FXGL Background Thread 3 ] DEBUG Engine               - actualHeightProperty: ReadOnlyDoubleProperty [value: 480.0]
16:01:47.662 [FXGL Background Thread 3 ] DEBUG Engine               - actualWidth: 640.0
16:01:47.662 [FXGL Background Thread 3 ] DEBUG Engine               - actualWidthProperty: ReadOnlyDoubleProperty [value: 640.0]
16:01:47.662 [FXGL Background Thread 3 ] DEBUG Engine               - appIcon: fxgl_icon.png
16:01:47.662 [FXGL Background Thread 3 ] DEBUG Engine               - applicationMode: DEVELOPER
16:01:47.662 [FXGL Background Thread 3 ] DEBUG Engine               - cSSList: [fxgl_dark.css]
16:01:47.663 [FXGL Background Thread 3 ] DEBUG Engine               - collisionDetectionStrategy: BRUTE_FORCE
16:01:47.663 [FXGL Background Thread 3 ] DEBUG Engine               - configClass: Optional.empty
16:01:47.663 [FXGL Background Thread 3 ] DEBUG Engine               - credits: []
16:01:47.663 [FXGL Background Thread 3 ] DEBUG Engine               - defaultCursor: CursorInfo(imageName=fxgl_default_cursor.png, hotspotX=7.0, hotspotY=6.0)
16:01:47.663 [FXGL Background Thread 3 ] DEBUG Engine               - devBBoxColorProperty: ObjectProperty [value: 0xff0000ff]
16:01:47.663 [FXGL Background Thread 3 ] DEBUG Engine               - devEnableDebugCameraProperty: BooleanProperty [value: false]
16:01:47.663 [FXGL Background Thread 3 ] DEBUG Engine               - devSensorColorProperty: ObjectProperty [value: 0xffff00ff]
16:01:47.664 [FXGL Background Thread 3 ] DEBUG Engine               - devShowBBoxProperty: BooleanProperty [value: false]
16:01:47.664 [FXGL Background Thread 3 ] DEBUG Engine               - devShowPositionProperty: BooleanProperty [value: false]
16:01:47.664 [FXGL Background Thread 3 ] DEBUG Engine               - enabledMenuItems: []
16:01:47.664 [FXGL Background Thread 3 ] DEBUG Engine               - engineServices: [class com.almasb.fxgl.app.services.FXGLAssetLoaderService, class com.almasb.fxgl.app.FXGLApplication$GameApplicationService, class com.almasb.fxgl.app.services.FXGLDialogService, class com.almasb.fxgl.app.services.IOTaskExecutorService, class com.almasb.fxgl.io.FileSystemService, class com.almasb.fxgl.localization.LocalizationService, class com.almasb.fxgl.app.services.SystemBundleService, class com.almasb.fxgl.profile.SaveLoadService, class com.almasb.fxgl.ui.FXGLUIFactoryServiceProvider, class com.almasb.fxgl.ui.FXGLDialogFactoryServiceProvider, class com.almasb.fxgl.audio.AudioPlayer, class com.almasb.fxgl.notification.impl.NotificationServiceProvider, class com.almasb.fxgl.achievement.AchievementService, class com.almasb.fxgl.cutscene.CutsceneService, class com.almasb.fxgl.minigames.MiniGameService, class com.almasb.fxgl.net.NetService, class com.almasb.fxgl.app.services.UpdaterService, class com.almasb.fxgl.dev.DevService]
16:01:47.664 [FXGL Background Thread 3 ] DEBUG Engine               - fontGame: Abel-Regular.ttf
16:01:47.664 [FXGL Background Thread 3 ] DEBUG Engine               - fontMono: lucida_console.ttf
16:01:47.664 [FXGL Background Thread 3 ] DEBUG Engine               - fontText: Courier-Prime.ttf
16:01:47.664 [FXGL Background Thread 3 ] DEBUG Engine               - fontUI: VarelaRound-Regular.ttf
16:01:47.664 [FXGL Background Thread 3 ] DEBUG Engine               - fullScreen: BooleanProperty [value: false]
16:01:47.664 [FXGL Background Thread 3 ] DEBUG Engine               - gameDifficulty: MEDIUM
16:01:47.665 [FXGL Background Thread 3 ] DEBUG Engine               - gameDifficultyProperty: ObjectProperty [value: MEDIUM]
16:01:47.665 [FXGL Background Thread 3 ] DEBUG Engine               - globalMusicVolume: 0.5
16:01:47.665 [FXGL Background Thread 3 ] DEBUG Engine               - globalMusicVolumeProperty: DoubleProperty [value: 0.5]
16:01:47.665 [FXGL Background Thread 3 ] DEBUG Engine               - globalSoundVolume: 0.5
16:01:47.665 [FXGL Background Thread 3 ] DEBUG Engine               - globalSoundVolumeProperty: DoubleProperty [value: 0.5]
16:01:47.665 [FXGL Background Thread 3 ] DEBUG Engine               - height: 480
16:01:47.665 [FXGL Background Thread 3 ] DEBUG Engine               - is3D: false
16:01:47.665 [FXGL Background Thread 3 ] DEBUG Engine               - isAndroid: false
16:01:47.665 [FXGL Background Thread 3 ] DEBUG Engine               - isBrowser: false
16:01:47.665 [FXGL Background Thread 3 ] DEBUG Engine               - isClickFeedbackEnabled: false
16:01:47.666 [FXGL Background Thread 3 ] DEBUG Engine               - isCloseConfirmation: false
16:01:47.666 [FXGL Background Thread 3 ] DEBUG Engine               - isDesktop: true
16:01:47.666 [FXGL Background Thread 3 ] DEBUG Engine               - isDeveloperMenuEnabled: false
16:01:47.666 [FXGL Background Thread 3 ] DEBUG Engine               - isEntityPreloadEnabled: true
16:01:47.666 [FXGL Background Thread 3 ] DEBUG Engine               - isExperimentalTiledLargeMap: false
16:01:47.666 [FXGL Background Thread 3 ] DEBUG Engine               - isFileSystemWriteAllowed: true
16:01:47.666 [FXGL Background Thread 3 ] DEBUG Engine               - isFullScreenAllowed: false
16:01:47.666 [FXGL Background Thread 3 ] DEBUG Engine               - isFullScreenFromStart: false
16:01:47.666 [FXGL Background Thread 3 ] DEBUG Engine               - isGameMenuEnabled: true
16:01:47.666 [FXGL Background Thread 3 ] DEBUG Engine               - isIOS: false
16:01:47.666 [FXGL Background Thread 3 ] DEBUG Engine               - isIntroEnabled: false
16:01:47.666 [FXGL Background Thread 3 ] DEBUG Engine               - isLinux: false
16:01:47.666 [FXGL Background Thread 3 ] DEBUG Engine               - isMac: true
16:01:47.666 [FXGL Background Thread 3 ] DEBUG Engine               - isMainMenuEnabled: false
16:01:47.667 [FXGL Background Thread 3 ] DEBUG Engine               - isManualResizeEnabled: false
16:01:47.667 [FXGL Background Thread 3 ] DEBUG Engine               - isMobile: false
16:01:47.667 [FXGL Background Thread 3 ] DEBUG Engine               - isNative: false
16:01:47.667 [FXGL Background Thread 3 ] DEBUG Engine               - isPauseMusicWhenMinimized: true
16:01:47.667 [FXGL Background Thread 3 ] DEBUG Engine               - isPreserveResizeRatio: false
16:01:47.667 [FXGL Background Thread 3 ] DEBUG Engine               - isProfilingEnabled: false
16:01:47.667 [FXGL Background Thread 3 ] DEBUG Engine               - isScaleAffectedOnResize: true
16:01:47.667 [FXGL Background Thread 3 ] DEBUG Engine               - isSingleStep: false
16:01:47.667 [FXGL Background Thread 3 ] DEBUG Engine               - isUserProfileEnabled: false
16:01:47.668 [FXGL Background Thread 3 ] DEBUG Engine               - isWindows: false
16:01:47.668 [FXGL Background Thread 3 ] DEBUG Engine               - language: ObjectProperty [value: ENGLISH]
16:01:47.668 [FXGL Background Thread 3 ] DEBUG Engine               - menuKey: ESCAPE
16:01:47.668 [FXGL Background Thread 3 ] DEBUG Engine               - mouseSensitivity: 0.2
16:01:47.668 [FXGL Background Thread 3 ] DEBUG Engine               - notificationViewClass: class com.almasb.fxgl.notification.view.XboxNotificationView
16:01:47.668 [FXGL Background Thread 3 ] DEBUG Engine               - pixelsPerMeter: 50.0
16:01:47.668 [FXGL Background Thread 3 ] DEBUG Engine               - platform: MAC
16:01:47.668 [FXGL Background Thread 3 ] DEBUG Engine               - prefHeightProperty: ReadOnlyDoubleProperty [value: 480.0]
16:01:47.669 [FXGL Background Thread 3 ] DEBUG Engine               - prefWidthProperty: ReadOnlyDoubleProperty [value: 640.0]
16:01:47.669 [FXGL Background Thread 3 ] DEBUG Engine               - profileDir: profiles/
16:01:47.669 [FXGL Background Thread 3 ] DEBUG Engine               - profileName: StringProperty [value: DEFAULT]
16:01:47.669 [FXGL Background Thread 3 ] DEBUG Engine               - randomSeed: -1
16:01:47.669 [FXGL Background Thread 3 ] DEBUG Engine               - runtimeInfo: RuntimeInfo(platform=MAC, version=11.17, build=16.07.2021 15.46)
16:01:47.669 [FXGL Background Thread 3 ] DEBUG Engine               - saveFileExt: sav
16:01:47.669 [FXGL Background Thread 3 ] DEBUG Engine               - scaledHeightProp$fxgl: DoubleProperty [bound, value: 480.0]
16:01:47.669 [FXGL Background Thread 3 ] DEBUG Engine               - scaledWidthProp$fxgl: DoubleProperty [bound, value: 640.0]
16:01:47.670 [FXGL Background Thread 3 ] DEBUG Engine               - sceneFactory: com.almasb.fxgl.app.scene.SceneFactory@e24eec1
16:01:47.670 [FXGL Background Thread 3 ] DEBUG Engine               - secondsIn24h: 60
16:01:47.670 [FXGL Background Thread 3 ] DEBUG Engine               - soundMenuBack: menu/back.wav
16:01:47.670 [FXGL Background Thread 3 ] DEBUG Engine               - soundMenuPress: menu/press.wav
16:01:47.670 [FXGL Background Thread 3 ] DEBUG Engine               - soundMenuSelect: menu/select.wav
16:01:47.670 [FXGL Background Thread 3 ] DEBUG Engine               - soundNotification: core/notification.wav
16:01:47.670 [FXGL Background Thread 3 ] DEBUG Engine               - stageStyle: DECORATED
16:01:47.670 [FXGL Background Thread 3 ] DEBUG Engine               - supportedLanguages: [ENGLISH, FRENCH, GERMAN, HUNGARIAN, RUSSIAN]
16:01:47.670 [FXGL Background Thread 3 ] DEBUG Engine               - ticksPerSecond: -1
16:01:47.670 [FXGL Background Thread 3 ] DEBUG Engine               - title: AI Game
16:01:47.670 [FXGL Background Thread 3 ] DEBUG Engine               - urlGithub: https://github.com/AlmasB/FXGL
16:01:47.670 [FXGL Background Thread 3 ] DEBUG Engine               - urlLeaderboard: http://fxgl-top.herokuapp.com/
16:01:47.670 [FXGL Background Thread 3 ] DEBUG Engine               - urlPOM: https://raw.githubusercontent.com/AlmasB/FXGL/release/README.md
16:01:47.670 [FXGL Background Thread 3 ] DEBUG Engine               - userAppClass: class org.example.aigame.main.AIGameApplication
16:01:47.670 [FXGL Background Thread 3 ] DEBUG Engine               - version: 0.1
16:01:47.670 [FXGL Background Thread 3 ] DEBUG Engine               - versionCheckDays: 7
16:01:47.671 [FXGL Background Thread 3 ] DEBUG Engine               - width: 640
16:01:47.671 [FXGL Background Thread 3 ] DEBUG Engine               - Logging services
16:01:47.671 [FXGL Background Thread 3 ] DEBUG Engine               - class com.almasb.fxgl.app.services.FXGLAssetLoaderService
16:01:47.671 [FXGL Background Thread 3 ] DEBUG Engine               - class com.almasb.fxgl.app.FXGLApplication$GameApplicationService
16:01:47.671 [FXGL Background Thread 3 ] DEBUG Engine               - class com.almasb.fxgl.app.services.FXGLDialogService
16:01:47.671 [FXGL Background Thread 3 ] DEBUG Engine               - class com.almasb.fxgl.app.services.IOTaskExecutorService
16:01:47.671 [FXGL Background Thread 3 ] DEBUG Engine               - class com.almasb.fxgl.io.FileSystemService
16:01:47.671 [FXGL Background Thread 3 ] DEBUG Engine               - class com.almasb.fxgl.localization.LocalizationService
16:01:47.671 [FXGL Background Thread 3 ] DEBUG Engine               - class com.almasb.fxgl.app.services.SystemBundleService
16:01:47.671 [FXGL Background Thread 3 ] DEBUG Engine               - class com.almasb.fxgl.profile.SaveLoadService
16:01:47.671 [FXGL Background Thread 3 ] DEBUG Engine               - class com.almasb.fxgl.ui.FXGLUIFactoryServiceProvider
16:01:47.671 [FXGL Background Thread 3 ] DEBUG Engine               - class com.almasb.fxgl.ui.FXGLDialogFactoryServiceProvider
16:01:47.671 [FXGL Background Thread 3 ] DEBUG Engine               - class com.almasb.fxgl.audio.AudioPlayer
16:01:47.671 [FXGL Background Thread 3 ] DEBUG Engine               - class com.almasb.fxgl.notification.impl.NotificationServiceProvider
16:01:47.672 [FXGL Background Thread 3 ] DEBUG Engine               - class com.almasb.fxgl.achievement.AchievementService
16:01:47.672 [FXGL Background Thread 3 ] DEBUG Engine               - class com.almasb.fxgl.cutscene.CutsceneService
16:01:47.672 [FXGL Background Thread 3 ] DEBUG Engine               - class com.almasb.fxgl.minigames.MiniGameService
16:01:47.672 [FXGL Background Thread 3 ] DEBUG Engine               - class com.almasb.fxgl.net.NetService
16:01:47.672 [FXGL Background Thread 3 ] DEBUG Engine               - class com.almasb.fxgl.app.services.UpdaterService
16:01:47.672 [FXGL Background Thread 3 ] DEBUG Engine               - class com.almasb.fxgl.dev.DevService
16:01:49.026 [JavaFX Application Thread] DEBUG FXGLApplication      - Exiting FXGL
16:01:49.027 [JavaFX Application Thread] DEBUG LoopRunner           - Stopping loop
16:01:49.027 [JavaFX Application Thread] DEBUG SystemBundleService  - Saving FXGL system data
16:01:49.030 [JavaFX Application Thread] DEBUG FileSystemAccess     - Writing to: /Users/johnlehouillier/IdeaProjects/AIGame/system/fxgl.bundle
16:01:49.034 [JavaFX Application Thread] DEBUG Async                - Shutting down background threads
16:01:49.035 [JavaFX Application Thread] DEBUG PrimaryStageWindow   - Closing main window
16:01:49.080 [JavaFX Application Thread] DEBUG Logger               - Closing Logger
