18:59:38.066 [main                     ] DEBUG Logger               - Configured Logger
18:59:38.069 [main                     ] DEBUG GameApplication      - Logging settings
Title: AI Game
Version: 0.1
Width: 640
Height: 480
Fullscreen: false
Intro: false
Profiling: false
Single step:false
App Mode: DEVELOPER
Menu Key: ESCAPE
Stage Style: DECORATED
Scene Factory: class com.almasb.fxgl.app.scene.SceneFactory

18:59:38.682 [JavaFX Application Thread] DEBUG FXGLApplication      - Initializing FXGL
18:59:38.685 [JavaFX Application Thread] INFO  Engine               - FXGL-11.17 (16.07.2021 15.46) on MAC (J:26.0.1 FX:21.0.6)
18:59:38.685 [JavaFX Application Thread] DEBUG Engine               - JRE Vendor Name: Oracle Corporation
18:59:38.686 [JavaFX Application Thread] DEBUG Engine               - Running on OS: Mac OS X version 14.3.1
18:59:38.686 [JavaFX Application Thread] DEBUG Engine               - Architecture: aarch64
18:59:38.686 [JavaFX Application Thread] INFO  Engine               - Source code and latest versions at: https://github.com/AlmasB/FXGL
18:59:38.686 [JavaFX Application Thread] INFO  Engine               -              Join the FXGL chat at: https://gitter.im/AlmasB/FXGL
18:59:38.777 [JavaFX Application Thread] DEBUG PrimaryStageWindow   - Creating a JavaFX scene
18:59:38.809 [JavaFX Application Thread] DEBUG PrimaryStageWindow   - Target settings size: 640.0 x 480.0
18:59:38.809 [JavaFX Application Thread] DEBUG PrimaryStageWindow   - Scaled scene size:    640.0 x 480.0
18:59:38.809 [JavaFX Application Thread] DEBUG PrimaryStageWindow   - Scaled ratio: (1.0, 1.0)
18:59:38.810 [JavaFX Application Thread] DEBUG PrimaryStageWindow   - Set initial scene to FXGLStartupScene
18:59:38.812 [JavaFX Application Thread] DEBUG PrimaryStageWindow   - Opening main window
18:59:38.893 [JavaFX Application Thread] DEBUG PrimaryStageWindow   - Window border size: (0.0, 28.0)
18:59:38.893 [JavaFX Application Thread] DEBUG PrimaryStageWindow   - Scaled size: 640.0 x 480.0
18:59:38.893 [JavaFX Application Thread] DEBUG PrimaryStageWindow   - Scaled ratio: (1.0, 1.0)
18:59:38.893 [JavaFX Application Thread] DEBUG PrimaryStageWindow   - Scene size: 640.0 x 480.0
18:59:38.893 [JavaFX Application Thread] DEBUG PrimaryStageWindow   - Stage size: 640.0 x 508.0
18:59:38.902 [FXGL Background Thread 1 ] DEBUG Engine               - Initializing environment variables
18:59:39.104 [FXGL Background Thread 1 ] DEBUG FXGLAssetLoaderServi - User app class for loading assets: class org.example.aigame.main.AIGameApplication
18:59:39.105 [FXGL Background Thread 1 ] DEBUG GameApplicationServi - Applying CSS: fxgl_dark.css
18:59:39.105 [FXGL Background Thread 1 ] DEBUG FXGLAssetLoaderServi - Loading from file system: jar:file:/Users/johnlehouillier/.m2/repository/com/github/almasb/fxgl/11.17/fxgl-11.17.jar!/fxglassets/ui/css/fxgl_dark.css
18:59:39.168 [FXGL Background Thread 1 ] DEBUG GameApplicationServi - Initializing application scenes
18:59:39.578 [FXGL Background Thread 1 ] DEBUG GameWorld            - Game world initialized
18:59:39.631 [FXGL Background Thread 1 ] DEBUG PhysicsWorld         - Physics world initialized: appHeight=480, physics.ppm=50.0
18:59:39.631 [FXGL Background Thread 1 ] DEBUG PhysicsWorld         - Using strategy: BRUTE_FORCE
18:59:39.635 [FXGL Background Thread 1 ] DEBUG GameScene            - Game scene initialized: 640x480
18:59:39.652 [FXGL Background Thread 1 ] WARN  FXGL.DefaultMenu     - FXGLDefaultMenu is not designed for resolutions < 800x600
18:59:39.653 [FXGL Background Thread 1 ] DEBUG FXGL.DefaultMenu     - createMenuBodyGameMenu()
18:59:39.669 [FXGL Background Thread 1 ] DEBUG FXGL.DefaultMenu     - createOptionsMenu()
18:59:39.678 [FXGL Background Thread 1 ] DEBUG FXGLAssetLoaderServi - Loading from file system: jar:file:/Users/johnlehouillier/.m2/repository/com/github/almasb/fxgl/11.17/fxgl-11.17.jar!/fxglassets/textures/particles/smoke.png
18:59:39.772 [FXGL Background Thread 1 ] DEBUG FXGLAssetLoaderServi - Loading from file system: jar:file:/Users/johnlehouillier/.m2/repository/com/github/almasb/fxgl/11.17/fxgl-11.17.jar!/fxglassets/textures/particles/trace_horizontal.png
18:59:39.800 [FXGL Background Thread 1 ] DEBUG GameApplicationServi - Application scenes initialized
18:59:39.809 [FXGL Background Thread 1 ] DEBUG SystemBundleService  - Loading FXGL system data
18:59:39.811 [FXGL Background Thread 1 ] DEBUG FileSystemAccess     - Reading from: /Users/johnlehouillier/IdeaProjects/AIGame/system/fxgl.bundle
18:59:39.816 [FXGL Background Thread 1 ] DEBUG SystemBundleService  - Bundle FXGL: {}
18:59:39.816 [FXGL Background Thread 1 ] DEBUG UpdaterService       - Checking for updates
18:59:39.819 [FXGL Background Thread 4 ] DEBUG FXGLApplication      - Loading fonts
18:59:39.819 [FXGL Background Thread 1 ] DEBUG FXGLApplication      - Loading default localization
18:59:39.819 [FXGL Background Thread 4 ] DEBUG FXGLAssetLoaderServi - Loading from file system: jar:file:/Users/johnlehouillier/.m2/repository/com/github/almasb/fxgl/11.17/fxgl-11.17.jar!/fxglassets/ui/fonts/VarelaRound-Regular.ttf
18:59:39.820 [FXGL Background Thread 1 ] DEBUG FXGLAssetLoaderServi - Loading from file system: jar:file:/Users/johnlehouillier/.m2/repository/com/github/almasb/fxgl/11.17/fxgl-11.17.jar!/fxglassets/languages/english.lang
18:59:39.832 [FXGL Background Thread 1 ] INFO  FXGLApplication      - FXGL initialization took: 0.930 sec
18:59:39.839 [JavaFX Application Thread] DEBUG Input                - Registered new binding: action0 - D
18:59:39.839 [JavaFX Application Thread] DEBUG Input                - Registered new binding: action1 - A
18:59:39.839 [JavaFX Application Thread] DEBUG Input                - Registered new binding: action2 - W
18:59:39.839 [JavaFX Application Thread] DEBUG Input                - Registered new binding: action3 - S
18:59:39.840 [JavaFX Application Thread] DEBUG Input                - Registered new binding: action4 - E
18:59:39.840 [JavaFX Application Thread] DEBUG FXGLAssetLoaderServi - Loading from file system: jar:file:/Users/johnlehouillier/.m2/repository/com/github/almasb/fxgl/11.17/fxgl-11.17.jar!/fxglassets/textures/fxgl_icon.png
18:59:39.840 [FXGL Background Thread 4 ] DEBUG FXGLAssetLoaderServi - Loading from file system: jar:file:/Users/johnlehouillier/.m2/repository/com/github/almasb/fxgl/11.17/fxgl-11.17.jar!/fxglassets/ui/fonts/Abel-Regular.ttf
18:59:39.847 [FXGL Background Thread 4 ] DEBUG FXGLAssetLoaderServi - Loading from file system: jar:file:/Users/johnlehouillier/.m2/repository/com/github/almasb/fxgl/11.17/fxgl-11.17.jar!/fxglassets/ui/fonts/lucida_console.ttf
18:59:39.856 [FXGL Background Thread 4 ] DEBUG FXGLAssetLoaderServi - Loading from file system: jar:file:/Users/johnlehouillier/.m2/repository/com/github/almasb/fxgl/11.17/fxgl-11.17.jar!/fxglassets/ui/fonts/Courier-Prime.ttf
18:59:39.863 [JavaFX Application Thread] DEBUG FXGLAssetLoaderServi - Loading from file system: jar:file:/Users/johnlehouillier/.m2/repository/com/github/almasb/fxgl/11.17/fxgl-11.17.jar!/fxglassets/textures/fxgl_default_cursor.png
18:59:39.864 [JavaFX Application Thread] DEBUG Input                - Registered new binding: Screenshot - CTRL+8
18:59:39.864 [JavaFX Application Thread] DEBUG Input                - Registered new binding: System info dump - CTRL+9
18:59:39.865 [JavaFX Application Thread] DEBUG Input                - Registered new binding: Restart - CTRL+R
18:59:39.865 [JavaFX Application Thread] DEBUG Input                - Registered new binding: Toggle Debug Camera - CTRL+C
18:59:39.866 [JavaFX Application Thread] DEBUG LoopRunner           - Starting loop
18:59:39.866 [JavaFX Application Thread] DEBUG LoopRunner           - Initializing JavaFX AnimationTimerLoop
18:59:39.866 [JavaFX Application Thread] DEBUG GameApplicationServi - Starting new game
18:59:39.867 [JavaFX Application Thread] DEBUG Input                - Clearing active input actions
18:59:39.873 [JavaFX Application Thread] DEBUG GameApplicationServi - Removing overlay from FXGLStartupScene and adding to FXGLLoadingScene
18:59:39.873 [JavaFX Application Thread] DEBUG PrimaryStageWindow   - FXGLStartupScene -> FXGLLoadingScene
18:59:39.873 [JavaFX Application Thread] DEBUG GameApplicationServi - Clearing previous game
18:59:39.873 [JavaFX Application Thread] DEBUG GameScene            - Clearing game scene
18:59:39.873 [JavaFX Application Thread] DEBUG GameWorld            - Clearing game world
18:59:39.873 [JavaFX Application Thread] DEBUG PhysicsWorld         - Clearing physics world
18:59:39.880 [FXGL Background Thread 1 ] DEBUG FXGLApplication      - Initializing game
18:59:39.893 [JavaFX Application Thread] DEBUG FXGLApplication      - Registering font factories with UI factory
18:59:39.901 [FXGL Background Thread 1 ] DEBUG FXGLAssetLoaderServi - Loading from file system: file:/Users/johnlehouillier/IdeaProjects/AIGame/target/classes/assets/textures/WOOD_FLOOR.png
18:59:39.976 [FXGL Background Thread 1 ] DEBUG FXGLAssetLoaderServi - Loading from file system: file:/Users/johnlehouillier/IdeaProjects/AIGame/target/classes/assets/textures/PERSON1.png
18:59:40.204 [FXGL Background Thread 1 ] DEBUG FXGLAssetLoaderServi - Loading from file system: file:/Users/johnlehouillier/IdeaProjects/AIGame/target/classes/assets/textures/PERSON2.png
18:59:40.207 [FXGL Background Thread 1 ] INFO  FXGLApplication      - Game initialization took: 0.327 sec
18:59:40.212 [JavaFX Application Thread] DEBUG Input                - Clearing active input actions
18:59:40.220 [JavaFX Application Thread] DEBUG GameApplicationServi - Removing overlay from FXGLLoadingScene and adding to GameScene
18:59:40.220 [JavaFX Application Thread] DEBUG PrimaryStageWindow   - FXGLLoadingScene -> GameScene
18:59:40.343 [FXGL Background Thread 2 ] INFO  UpdaterService       - Your current version:  11.17
18:59:40.343 [FXGL Background Thread 2 ] INFO  UpdaterService       - Latest stable version: 25
18:59:42.821 [FXGL Background Thread 3 ] DEBUG Engine               - Logging environment variables
18:59:42.821 [FXGL Background Thread 3 ] DEBUG Engine               - achievements: []
18:59:42.822 [FXGL Background Thread 3 ] DEBUG Engine               - actualHeight: 480.0
18:59:42.822 [FXGL Background Thread 3 ] DEBUG Engine               - actualHeightProperty: ReadOnlyDoubleProperty [value: 480.0]
18:59:42.822 [FXGL Background Thread 3 ] DEBUG Engine               - actualWidth: 640.0
18:59:42.822 [FXGL Background Thread 3 ] DEBUG Engine               - actualWidthProperty: ReadOnlyDoubleProperty [value: 640.0]
18:59:42.822 [FXGL Background Thread 3 ] DEBUG Engine               - appIcon: fxgl_icon.png
18:59:42.822 [FXGL Background Thread 3 ] DEBUG Engine               - applicationMode: DEVELOPER
18:59:42.822 [FXGL Background Thread 3 ] DEBUG Engine               - cSSList: [fxgl_dark.css]
18:59:42.822 [FXGL Background Thread 3 ] DEBUG Engine               - collisionDetectionStrategy: BRUTE_FORCE
18:59:42.822 [FXGL Background Thread 3 ] DEBUG Engine               - configClass: Optional.empty
18:59:42.822 [FXGL Background Thread 3 ] DEBUG Engine               - credits: []
18:59:42.822 [FXGL Background Thread 3 ] DEBUG Engine               - defaultCursor: CursorInfo(imageName=fxgl_default_cursor.png, hotspotX=7.0, hotspotY=6.0)
18:59:42.822 [FXGL Background Thread 3 ] DEBUG Engine               - devBBoxColorProperty: ObjectProperty [value: 0xff0000ff]
18:59:42.822 [FXGL Background Thread 3 ] DEBUG Engine               - devEnableDebugCameraProperty: BooleanProperty [value: false]
18:59:42.822 [FXGL Background Thread 3 ] DEBUG Engine               - devSensorColorProperty: ObjectProperty [value: 0xffff00ff]
18:59:42.822 [FXGL Background Thread 3 ] DEBUG Engine               - devShowBBoxProperty: BooleanProperty [value: false]
18:59:42.823 [FXGL Background Thread 3 ] DEBUG Engine               - devShowPositionProperty: BooleanProperty [value: false]
18:59:42.823 [FXGL Background Thread 3 ] DEBUG Engine               - enabledMenuItems: []
18:59:42.823 [FXGL Background Thread 3 ] DEBUG Engine               - engineServices: [class com.almasb.fxgl.app.services.FXGLAssetLoaderService, class com.almasb.fxgl.app.FXGLApplication$GameApplicationService, class com.almasb.fxgl.app.services.FXGLDialogService, class com.almasb.fxgl.app.services.IOTaskExecutorService, class com.almasb.fxgl.io.FileSystemService, class com.almasb.fxgl.localization.LocalizationService, class com.almasb.fxgl.app.services.SystemBundleService, class com.almasb.fxgl.profile.SaveLoadService, class com.almasb.fxgl.ui.FXGLUIFactoryServiceProvider, class com.almasb.fxgl.ui.FXGLDialogFactoryServiceProvider, class com.almasb.fxgl.audio.AudioPlayer, class com.almasb.fxgl.notification.impl.NotificationServiceProvider, class com.almasb.fxgl.achievement.AchievementService, class com.almasb.fxgl.cutscene.CutsceneService, class com.almasb.fxgl.minigames.MiniGameService, class com.almasb.fxgl.net.NetService, class com.almasb.fxgl.app.services.UpdaterService, class com.almasb.fxgl.dev.DevService]
18:59:42.823 [FXGL Background Thread 3 ] DEBUG Engine               - fontGame: Abel-Regular.ttf
18:59:42.823 [FXGL Background Thread 3 ] DEBUG Engine               - fontMono: lucida_console.ttf
18:59:42.823 [FXGL Background Thread 3 ] DEBUG Engine               - fontText: Courier-Prime.ttf
18:59:42.823 [FXGL Background Thread 3 ] DEBUG Engine               - fontUI: VarelaRound-Regular.ttf
18:59:42.823 [FXGL Background Thread 3 ] DEBUG Engine               - fullScreen: BooleanProperty [value: false]
18:59:42.823 [FXGL Background Thread 3 ] DEBUG Engine               - gameDifficulty: MEDIUM
18:59:42.823 [FXGL Background Thread 3 ] DEBUG Engine               - gameDifficultyProperty: ObjectProperty [value: MEDIUM]
18:59:42.823 [FXGL Background Thread 3 ] DEBUG Engine               - globalMusicVolume: 0.5
18:59:42.823 [FXGL Background Thread 3 ] DEBUG Engine               - globalMusicVolumeProperty: DoubleProperty [value: 0.5]
18:59:42.823 [FXGL Background Thread 3 ] DEBUG Engine               - globalSoundVolume: 0.5
18:59:42.823 [FXGL Background Thread 3 ] DEBUG Engine               - globalSoundVolumeProperty: DoubleProperty [value: 0.5]
18:59:42.823 [FXGL Background Thread 3 ] DEBUG Engine               - height: 480
18:59:42.823 [FXGL Background Thread 3 ] DEBUG Engine               - is3D: false
18:59:42.823 [FXGL Background Thread 3 ] DEBUG Engine               - isAndroid: false
18:59:42.823 [FXGL Background Thread 3 ] DEBUG Engine               - isBrowser: false
18:59:42.823 [FXGL Background Thread 3 ] DEBUG Engine               - isClickFeedbackEnabled: false
18:59:42.823 [FXGL Background Thread 3 ] DEBUG Engine               - isCloseConfirmation: false
18:59:42.823 [FXGL Background Thread 3 ] DEBUG Engine               - isDesktop: true
18:59:42.823 [FXGL Background Thread 3 ] DEBUG Engine               - isDeveloperMenuEnabled: false
18:59:42.823 [FXGL Background Thread 3 ] DEBUG Engine               - isEntityPreloadEnabled: true
18:59:42.823 [FXGL Background Thread 3 ] DEBUG Engine               - isExperimentalTiledLargeMap: false
18:59:42.823 [FXGL Background Thread 3 ] DEBUG Engine               - isFileSystemWriteAllowed: true
18:59:42.823 [FXGL Background Thread 3 ] DEBUG Engine               - isFullScreenAllowed: false
18:59:42.823 [FXGL Background Thread 3 ] DEBUG Engine               - isFullScreenFromStart: false
18:59:42.823 [FXGL Background Thread 3 ] DEBUG Engine               - isGameMenuEnabled: true
18:59:42.823 [FXGL Background Thread 3 ] DEBUG Engine               - isIOS: false
18:59:42.823 [FXGL Background Thread 3 ] DEBUG Engine               - isIntroEnabled: false
18:59:42.823 [FXGL Background Thread 3 ] DEBUG Engine               - isLinux: false
18:59:42.824 [FXGL Background Thread 3 ] DEBUG Engine               - isMac: true
18:59:42.824 [FXGL Background Thread 3 ] DEBUG Engine               - isMainMenuEnabled: false
18:59:42.824 [FXGL Background Thread 3 ] DEBUG Engine               - isManualResizeEnabled: false
18:59:42.824 [FXGL Background Thread 3 ] DEBUG Engine               - isMobile: false
18:59:42.824 [FXGL Background Thread 3 ] DEBUG Engine               - isNative: false
18:59:42.824 [FXGL Background Thread 3 ] DEBUG Engine               - isPauseMusicWhenMinimized: true
18:59:42.824 [FXGL Background Thread 3 ] DEBUG Engine               - isPreserveResizeRatio: false
18:59:42.824 [FXGL Background Thread 3 ] DEBUG Engine               - isProfilingEnabled: false
18:59:42.824 [FXGL Background Thread 3 ] DEBUG Engine               - isScaleAffectedOnResize: true
18:59:42.824 [FXGL Background Thread 3 ] DEBUG Engine               - isSingleStep: false
18:59:42.824 [FXGL Background Thread 3 ] DEBUG Engine               - isUserProfileEnabled: false
18:59:42.824 [FXGL Background Thread 3 ] DEBUG Engine               - isWindows: false
18:59:42.824 [FXGL Background Thread 3 ] DEBUG Engine               - language: ObjectProperty [value: ENGLISH]
18:59:42.824 [FXGL Background Thread 3 ] DEBUG Engine               - menuKey: ESCAPE
18:59:42.824 [FXGL Background Thread 3 ] DEBUG Engine               - mouseSensitivity: 0.2
18:59:42.824 [FXGL Background Thread 3 ] DEBUG Engine               - notificationViewClass: class com.almasb.fxgl.notification.view.XboxNotificationView
18:59:42.824 [FXGL Background Thread 3 ] DEBUG Engine               - pixelsPerMeter: 50.0
18:59:42.824 [FXGL Background Thread 3 ] DEBUG Engine               - platform: MAC
18:59:42.824 [FXGL Background Thread 3 ] DEBUG Engine               - prefHeightProperty: ReadOnlyDoubleProperty [value: 480.0]
18:59:42.824 [FXGL Background Thread 3 ] DEBUG Engine               - prefWidthProperty: ReadOnlyDoubleProperty [value: 640.0]
18:59:42.824 [FXGL Background Thread 3 ] DEBUG Engine               - profileDir: profiles/
18:59:42.824 [FXGL Background Thread 3 ] DEBUG Engine               - profileName: StringProperty [value: DEFAULT]
18:59:42.824 [FXGL Background Thread 3 ] DEBUG Engine               - randomSeed: -1
18:59:42.824 [FXGL Background Thread 3 ] DEBUG Engine               - runtimeInfo: RuntimeInfo(platform=MAC, version=11.17, build=16.07.2021 15.46)
18:59:42.824 [FXGL Background Thread 3 ] DEBUG Engine               - saveFileExt: sav
18:59:42.824 [FXGL Background Thread 3 ] DEBUG Engine               - scaledHeightProp$fxgl: DoubleProperty [bound, value: 480.0]
18:59:42.824 [FXGL Background Thread 3 ] DEBUG Engine               - scaledWidthProp$fxgl: DoubleProperty [bound, value: 640.0]
18:59:42.824 [FXGL Background Thread 3 ] DEBUG Engine               - sceneFactory: com.almasb.fxgl.app.scene.SceneFactory@4f59d2db
18:59:42.824 [FXGL Background Thread 3 ] DEBUG Engine               - secondsIn24h: 60
18:59:42.824 [FXGL Background Thread 3 ] DEBUG Engine               - soundMenuBack: menu/back.wav
18:59:42.824 [FXGL Background Thread 3 ] DEBUG Engine               - soundMenuPress: menu/press.wav
18:59:42.824 [FXGL Background Thread 3 ] DEBUG Engine               - soundMenuSelect: menu/select.wav
18:59:42.824 [FXGL Background Thread 3 ] DEBUG Engine               - soundNotification: core/notification.wav
18:59:42.824 [FXGL Background Thread 3 ] DEBUG Engine               - stageStyle: DECORATED
18:59:42.824 [FXGL Background Thread 3 ] DEBUG Engine               - supportedLanguages: [ENGLISH, FRENCH, GERMAN, HUNGARIAN, RUSSIAN]
18:59:42.824 [FXGL Background Thread 3 ] DEBUG Engine               - ticksPerSecond: -1
18:59:42.824 [FXGL Background Thread 3 ] DEBUG Engine               - title: AI Game
18:59:42.824 [FXGL Background Thread 3 ] DEBUG Engine               - urlGithub: https://github.com/AlmasB/FXGL
18:59:42.824 [FXGL Background Thread 3 ] DEBUG Engine               - urlLeaderboard: http://fxgl-top.herokuapp.com/
18:59:42.824 [FXGL Background Thread 3 ] DEBUG Engine               - urlPOM: https://raw.githubusercontent.com/AlmasB/FXGL/release/README.md
18:59:42.825 [FXGL Background Thread 3 ] DEBUG Engine               - userAppClass: class org.example.aigame.main.AIGameApplication
18:59:42.825 [FXGL Background Thread 3 ] DEBUG Engine               - version: 0.1
18:59:42.825 [FXGL Background Thread 3 ] DEBUG Engine               - versionCheckDays: 7
18:59:42.825 [FXGL Background Thread 3 ] DEBUG Engine               - width: 640
18:59:42.825 [FXGL Background Thread 3 ] DEBUG Engine               - Logging services
18:59:42.825 [FXGL Background Thread 3 ] DEBUG Engine               - class com.almasb.fxgl.app.services.FXGLAssetLoaderService
18:59:42.825 [FXGL Background Thread 3 ] DEBUG Engine               - class com.almasb.fxgl.app.FXGLApplication$GameApplicationService
18:59:42.825 [FXGL Background Thread 3 ] DEBUG Engine               - class com.almasb.fxgl.app.services.FXGLDialogService
18:59:42.825 [FXGL Background Thread 3 ] DEBUG Engine               - class com.almasb.fxgl.app.services.IOTaskExecutorService
18:59:42.825 [FXGL Background Thread 3 ] DEBUG Engine               - class com.almasb.fxgl.io.FileSystemService
18:59:42.825 [FXGL Background Thread 3 ] DEBUG Engine               - class com.almasb.fxgl.localization.LocalizationService
18:59:42.825 [FXGL Background Thread 3 ] DEBUG Engine               - class com.almasb.fxgl.app.services.SystemBundleService
18:59:42.825 [FXGL Background Thread 3 ] DEBUG Engine               - class com.almasb.fxgl.profile.SaveLoadService
18:59:42.825 [FXGL Background Thread 3 ] DEBUG Engine               - class com.almasb.fxgl.ui.FXGLUIFactoryServiceProvider
18:59:42.825 [FXGL Background Thread 3 ] DEBUG Engine               - class com.almasb.fxgl.ui.FXGLDialogFactoryServiceProvider
18:59:42.825 [FXGL Background Thread 3 ] DEBUG Engine               - class com.almasb.fxgl.audio.AudioPlayer
18:59:42.825 [FXGL Background Thread 3 ] DEBUG Engine               - class com.almasb.fxgl.notification.impl.NotificationServiceProvider
18:59:42.825 [FXGL Background Thread 3 ] DEBUG Engine               - class com.almasb.fxgl.achievement.AchievementService
18:59:42.825 [FXGL Background Thread 3 ] DEBUG Engine               - class com.almasb.fxgl.cutscene.CutsceneService
18:59:42.825 [FXGL Background Thread 3 ] DEBUG Engine               - class com.almasb.fxgl.minigames.MiniGameService
18:59:42.825 [FXGL Background Thread 3 ] DEBUG Engine               - class com.almasb.fxgl.net.NetService
18:59:42.825 [FXGL Background Thread 3 ] DEBUG Engine               - class com.almasb.fxgl.app.services.UpdaterService
18:59:42.825 [FXGL Background Thread 3 ] DEBUG Engine               - class com.almasb.fxgl.dev.DevService
18:59:59.891 [JavaFX Application Thread] DEBUG PrimaryStageWindow   - Push state: FXGLDefaultMenu
18:59:59.897 [JavaFX Application Thread] DEBUG Input                - Clearing active input actions
18:59:59.899 [JavaFX Application Thread] DEBUG GameApplicationServi - Removing overlay from GameScene and adding to FXGLDefaultMenu
18:59:59.900 [JavaFX Application Thread] DEBUG PrimaryStageWindow   - GameScene -> FXGLDefaultMenu
19:00:01.230 [JavaFX Application Thread] DEBUG FXGLApplication      - Exiting FXGL
19:00:01.230 [JavaFX Application Thread] DEBUG LoopRunner           - Stopping loop
19:00:01.230 [JavaFX Application Thread] DEBUG SystemBundleService  - Saving FXGL system data
19:00:01.232 [JavaFX Application Thread] DEBUG FileSystemAccess     - Writing to: /Users/johnlehouillier/IdeaProjects/AIGame/system/fxgl.bundle
19:00:01.233 [JavaFX Application Thread] DEBUG Async                - Shutting down background threads
19:00:01.233 [JavaFX Application Thread] DEBUG PrimaryStageWindow   - Closing main window
19:00:01.238 [JavaFX Application Thread] DEBUG Logger               - Closing Logger
