15:55:31.969 [main                     ] DEBUG Logger               - Configured Logger
15:55:31.970 [main                     ] DEBUG GameApplication      - Logging settings
Title: AI Game
Version: 0.1
Width: 640
Height: 480
Fullscreen: false
Intro: false
Profiling: false
Single step:false
App Mode: DEVELOPER
Menu Key: ESCAPE
Stage Style: DECORATED
Scene Factory: class com.almasb.fxgl.app.scene.SceneFactory

15:55:32.226 [JavaFX Application Thread] DEBUG FXGLApplication      - Initializing FXGL
15:55:32.227 [JavaFX Application Thread] INFO  Engine               - FXGL-11.17 (16.07.2021 15.46) on MAC (J:26.0.1 FX:21.0.6)
15:55:32.227 [JavaFX Application Thread] DEBUG Engine               - JRE Vendor Name: Oracle Corporation
15:55:32.227 [JavaFX Application Thread] DEBUG Engine               - Running on OS: Mac OS X version 14.3.1
15:55:32.227 [JavaFX Application Thread] DEBUG Engine               - Architecture: aarch64
15:55:32.227 [JavaFX Application Thread] INFO  Engine               - Source code and latest versions at: https://github.com/AlmasB/FXGL
15:55:32.227 [JavaFX Application Thread] INFO  Engine               -              Join the FXGL chat at: https://gitter.im/AlmasB/FXGL
15:55:32.277 [JavaFX Application Thread] DEBUG PrimaryStageWindow   - Creating a JavaFX scene
15:55:32.300 [JavaFX Application Thread] DEBUG PrimaryStageWindow   - Target settings size: 640.0 x 480.0
15:55:32.300 [JavaFX Application Thread] DEBUG PrimaryStageWindow   - Scaled scene size:    640.0 x 480.0
15:55:32.300 [JavaFX Application Thread] DEBUG PrimaryStageWindow   - Scaled ratio: (1.0, 1.0)
15:55:32.300 [JavaFX Application Thread] DEBUG PrimaryStageWindow   - Set initial scene to FXGLStartupScene
15:55:32.302 [JavaFX Application Thread] DEBUG PrimaryStageWindow   - Opening main window
15:55:32.362 [JavaFX Application Thread] DEBUG PrimaryStageWindow   - Window border size: (0.0, 28.0)
15:55:32.362 [JavaFX Application Thread] DEBUG PrimaryStageWindow   - Scaled size: 640.0 x 480.0
15:55:32.362 [JavaFX Application Thread] DEBUG PrimaryStageWindow   - Scaled ratio: (1.0, 1.0)
15:55:32.362 [JavaFX Application Thread] DEBUG PrimaryStageWindow   - Scene size: 640.0 x 480.0
15:55:32.362 [JavaFX Application Thread] DEBUG PrimaryStageWindow   - Stage size: 640.0 x 508.0
15:55:32.370 [FXGL Background Thread 1 ] DEBUG Engine               - Initializing environment variables
15:55:32.428 [FXGL Background Thread 1 ] DEBUG FXGLAssetLoaderServi - User app class for loading assets: class org.example.aigame.main.AIGameApplication
15:55:32.428 [FXGL Background Thread 1 ] DEBUG GameApplicationServi - Applying CSS: fxgl_dark.css
15:55:32.428 [FXGL Background Thread 1 ] DEBUG FXGLAssetLoaderServi - Loading from file system: jar:file:///Users/johnlehouillier/.m2/repository/com/github/almasb/fxgl/11.17/fxgl-11.17.jar!/fxglassets/ui/css/fxgl_dark.css
15:55:32.452 [FXGL Background Thread 1 ] DEBUG GameApplicationServi - Initializing application scenes
15:55:32.531 [FXGL Background Thread 1 ] DEBUG GameWorld            - Game world initialized
15:55:32.552 [FXGL Background Thread 1 ] DEBUG PhysicsWorld         - Physics world initialized: appHeight=480, physics.ppm=50.0
15:55:32.552 [FXGL Background Thread 1 ] DEBUG PhysicsWorld         - Using strategy: BRUTE_FORCE
15:55:32.554 [FXGL Background Thread 1 ] DEBUG GameScene            - Game scene initialized: 640x480
15:55:32.561 [FXGL Background Thread 1 ] WARN  FXGL.DefaultMenu     - FXGLDefaultMenu is not designed for resolutions < 800x600
15:55:32.561 [FXGL Background Thread 1 ] DEBUG FXGL.DefaultMenu     - createMenuBodyGameMenu()
15:55:32.569 [FXGL Background Thread 1 ] DEBUG FXGL.DefaultMenu     - createOptionsMenu()
15:55:32.573 [FXGL Background Thread 1 ] DEBUG FXGLAssetLoaderServi - Loading from file system: jar:file:///Users/johnlehouillier/.m2/repository/com/github/almasb/fxgl/11.17/fxgl-11.17.jar!/fxglassets/textures/particles/smoke.png
15:55:32.619 [FXGL Background Thread 1 ] DEBUG FXGLAssetLoaderServi - Loading from file system: jar:file:///Users/johnlehouillier/.m2/repository/com/github/almasb/fxgl/11.17/fxgl-11.17.jar!/fxglassets/textures/particles/trace_horizontal.png
15:55:32.635 [FXGL Background Thread 1 ] DEBUG GameApplicationServi - Application scenes initialized
15:55:32.639 [FXGL Background Thread 1 ] DEBUG SystemBundleService  - Loading FXGL system data
15:55:32.641 [FXGL Background Thread 1 ] DEBUG FileSystemAccess     - Reading from: /Users/johnlehouillier/IdeaProjects/AIGame/system/fxgl.bundle
15:55:32.643 [FXGL Background Thread 1 ] DEBUG SystemBundleService  - Bundle FXGL: {}
15:55:32.644 [FXGL Background Thread 1 ] DEBUG UpdaterService       - Checking for updates
15:55:32.645 [FXGL Background Thread 4 ] DEBUG FXGLApplication      - Loading fonts
15:55:32.645 [FXGL Background Thread 4 ] DEBUG FXGLAssetLoaderServi - Loading from file system: jar:file:///Users/johnlehouillier/.m2/repository/com/github/almasb/fxgl/11.17/fxgl-11.17.jar!/fxglassets/ui/fonts/VarelaRound-Regular.ttf
15:55:32.645 [FXGL Background Thread 1 ] DEBUG FXGLApplication      - Loading default localization
15:55:32.645 [FXGL Background Thread 1 ] DEBUG FXGLAssetLoaderServi - Loading from file system: jar:file:///Users/johnlehouillier/.m2/repository/com/github/almasb/fxgl/11.17/fxgl-11.17.jar!/fxglassets/languages/english.lang
15:55:32.652 [FXGL Background Thread 1 ] INFO  FXGLApplication      - FXGL initialization took: 0.283 sec
15:55:32.654 [FXGL Background Thread 4 ] DEBUG FXGLAssetLoaderServi - Loading from file system: jar:file:///Users/johnlehouillier/.m2/repository/com/github/almasb/fxgl/11.17/fxgl-11.17.jar!/fxglassets/ui/fonts/Abel-Regular.ttf
15:55:32.659 [JavaFX Application Thread] DEBUG Input                - Registered new binding: action0 - D
15:55:32.659 [JavaFX Application Thread] DEBUG Input                - Registered new binding: action1 - A
15:55:32.659 [JavaFX Application Thread] DEBUG Input                - Registered new binding: action2 - W
15:55:32.659 [JavaFX Application Thread] DEBUG Input                - Registered new binding: action3 - S
15:55:32.660 [JavaFX Application Thread] DEBUG FXGLAssetLoaderServi - Loading from file system: jar:file:///Users/johnlehouillier/.m2/repository/com/github/almasb/fxgl/11.17/fxgl-11.17.jar!/fxglassets/textures/fxgl_icon.png
15:55:32.660 [FXGL Background Thread 4 ] DEBUG FXGLAssetLoaderServi - Loading from file system: jar:file:///Users/johnlehouillier/.m2/repository/com/github/almasb/fxgl/11.17/fxgl-11.17.jar!/fxglassets/ui/fonts/lucida_console.ttf
15:55:32.665 [FXGL Background Thread 4 ] DEBUG FXGLAssetLoaderServi - Loading from file system: jar:file:///Users/johnlehouillier/.m2/repository/com/github/almasb/fxgl/11.17/fxgl-11.17.jar!/fxglassets/ui/fonts/Courier-Prime.ttf
15:55:32.678 [JavaFX Application Thread] DEBUG FXGLAssetLoaderServi - Loading from file system: jar:file:///Users/johnlehouillier/.m2/repository/com/github/almasb/fxgl/11.17/fxgl-11.17.jar!/fxglassets/textures/fxgl_default_cursor.png
15:55:32.679 [JavaFX Application Thread] DEBUG Input                - Registered new binding: Screenshot - CTRL+8
15:55:32.679 [JavaFX Application Thread] DEBUG Input                - Registered new binding: System info dump - CTRL+9
15:55:32.679 [JavaFX Application Thread] DEBUG Input                - Registered new binding: Restart - CTRL+R
15:55:32.679 [JavaFX Application Thread] DEBUG Input                - Registered new binding: Toggle Debug Camera - CTRL+C
15:55:32.680 [JavaFX Application Thread] DEBUG LoopRunner           - Starting loop
15:55:32.680 [JavaFX Application Thread] DEBUG LoopRunner           - Initializing JavaFX AnimationTimerLoop
15:55:32.680 [JavaFX Application Thread] DEBUG GameApplicationServi - Starting new game
15:55:32.681 [JavaFX Application Thread] DEBUG Input                - Clearing active input actions
15:55:32.687 [JavaFX Application Thread] DEBUG GameApplicationServi - Removing overlay from FXGLStartupScene and adding to FXGLLoadingScene
15:55:32.687 [JavaFX Application Thread] DEBUG PrimaryStageWindow   - FXGLStartupScene -> FXGLLoadingScene
15:55:32.687 [JavaFX Application Thread] DEBUG GameApplicationServi - Clearing previous game
15:55:32.687 [JavaFX Application Thread] DEBUG GameScene            - Clearing game scene
15:55:32.687 [JavaFX Application Thread] DEBUG GameWorld            - Clearing game world
15:55:32.687 [JavaFX Application Thread] DEBUG PhysicsWorld         - Clearing physics world
15:55:32.688 [FXGL Background Thread 4 ] DEBUG FXGLApplication      - Initializing game
15:55:32.690 [FXGL Background Thread 4 ] WARN  FXGLAssetLoaderServi - Asset "/assets/textures/PERSON1.png" was not found!
15:55:32.691 [FXGL Background Thread 4 ] WARN  FXGLAssetLoaderServi - Failed to load IMAGE
15:55:32.700 [JavaFX Application Thread] DEBUG FXGLApplication      - Registering font factories with UI factory
15:55:32.712 [FXGL Background Thread 4 ] INFO  FXGLApplication      - Game initialization took: 0.024 sec
15:55:32.733 [JavaFX Application Thread] DEBUG Input                - Clearing active input actions
15:55:32.737 [JavaFX Application Thread] DEBUG GameApplicationServi - Removing overlay from FXGLLoadingScene and adding to GameScene
15:55:32.737 [JavaFX Application Thread] DEBUG PrimaryStageWindow   - FXGLLoadingScene -> GameScene
15:55:33.031 [FXGL Background Thread 2 ] INFO  UpdaterService       - Your current version:  11.17
15:55:33.031 [FXGL Background Thread 2 ] INFO  UpdaterService       - Latest stable version: 25
15:55:34.442 [JavaFX Application Thread] DEBUG FXGLApplication      - Exiting FXGL
15:55:34.443 [JavaFX Application Thread] DEBUG LoopRunner           - Stopping loop
15:55:34.443 [JavaFX Application Thread] DEBUG SystemBundleService  - Saving FXGL system data
15:55:34.448 [JavaFX Application Thread] DEBUG FileSystemAccess     - Writing to: /Users/johnlehouillier/IdeaProjects/AIGame/system/fxgl.bundle
15:55:34.451 [JavaFX Application Thread] DEBUG Async                - Shutting down background threads
15:55:34.451 [JavaFX Application Thread] DEBUG PrimaryStageWindow   - Closing main window
15:55:34.489 [JavaFX Application Thread] DEBUG Logger               - Closing Logger
